Minuit se leve en haut des tours
Les voix se taisent et tout devient aveugle et sourd
La nuit camoufle pour quelques heures
La zone sale et les epaves et la laideur
J'ai pas choisi de naitre ici
Entre l'ignorance et la violence et l'ennui
J'm'en sortirai, j'me le promets
Et s'il le faut j'emploierai des moyens legaux

Envole-moi, envole-moi, envole-moi
Loin de cette fatalite qui colle a ma peau
Envole-moi, envole-moi, envole-moi
Remplis ma tete d'autres horizons, d'autres mots
Envole-moiiii !
