Hello
Seattle
I
am
a
montainer
in
the
hills
and
highlands
