Ca  ressemble  a la Toscane douce et belle
de  Vinci Les sages et beaux paysages font
les  hommes sages aussi Ca ressemble a des
images,  aux  saisons  tiedes,  aux  beaux
jours  Au  silence  apres l'orage, au doux
toucher du velours C'est une peu comme ces
musiques  qu'on  entend  sans  ecouter Ces
choses  qui  n'existent jamais tant que le
manque qu'elles ont laisse

Ca  ressemble  a  ces  grands-routes, sans
virages,  sans  detour  La dolce vita sans
doute,   mais   en   tout  cas  c'est  pas
d'l'amour
