I
wanna
be
the
very
best
like
no
one
ever
was
to
catch
them
is my
real
test
to
train
them
is my
cause

I
will
travel
accross
the
lands
searching
far
and
wide
each
Pokemon
to
understand
the
power
that's
inside

Pokemon!!
Gotta
catch'em,
it's
you
and
me  I
know
it's
my
destiny

Pokemon!!
Oooh
you're
my
best
friend
in  a
world
we
must
defend

Pokemon!!
Gotta
catch'em,
a
heart
so
true
our
courage
will
pull
us
through
you
teach
me
and
I'll
teach
you
Pokemon!!

Gotta
catch'em
all,
gotta
catch'em
all
!!  P
O K E
M O N
! ! !
