C'etait          un
cordonnier,    sans
rien  d'particulier
dans   un   village
dont   le  nom  m'a
echappe. Il faisait
des   souliers   si
jolis,   si  legers
que     nos    vies
semblaient  un  peu
moins   lourdes   a
porter.

Il   y  mettait  du
temps, du talent et
du   coeur,   ainsi
passait  sa  vie au
milieu    de    nos
heures. Et loin des
beaux discours, des
grandes theories, a
sa   tache   chaque
jour,   on  pouvait
dire  de  lui  : Il
changeait la vie !
