I
can
give
you
a
voice,
bred
with
rhythm
and
soul
The
heart
of
a
Welsh
boy
who's
lost
his
home
Put
it
in
harmony,
let
the
words
ring
Carry
your
thoughts
in
the
songs
we
sing
